// Jest Snapshot v1, https://goo.gl/fbAQLP

exports[`should match snapshot of the component 1`] = `
<div>
  <p>
    LOG IN: 
  </p>
  <button>
    login
  </button>
</div>
`;
